# Job ID: 9697474
# Date and Time: 2026-06-10 18:35:35
Running results/aims.n=0.out
# End Time: 2026-06-10 18:36:21
# Elapsed Time: 46 seconds
Running results/aims.n=1.out
# End Time: 2026-06-10 18:37:09
# Elapsed Time: 48 seconds
Running results/aims.n=2.out
# End Time: 2026-06-10 18:37:56
# Elapsed Time: 47 seconds
Running results/aims.n=3.out
# End Time: 2026-06-10 18:38:44
# Elapsed Time: 48 seconds
Running results/aims.n=4.out
# End Time: 2026-06-10 18:39:30
# Elapsed Time: 46 seconds
Running results/aims.n=5.out
# End Time: 2026-06-10 18:40:16
# Elapsed Time: 46 seconds
Running results/aims.n=6.out
# End Time: 2026-06-10 18:41:02
# Elapsed Time: 46 seconds
Running results/aims.n=7.out
# End Time: 2026-06-10 18:41:49
# Elapsed Time: 47 seconds
Running results/aims.n=8.out
# End Time: 2026-06-10 18:42:35
# Elapsed Time: 46 seconds
Running results/aims.n=9.out
# End Time: 2026-06-10 18:43:20
# Elapsed Time: 45 seconds
Running results/aims.n=10.out
# End Time: 2026-06-10 18:44:06
# Elapsed Time: 45 seconds
Running results/aims.n=11.out
# End Time: 2026-06-10 18:44:52
# Elapsed Time: 46 seconds
Running results/aims.n=12.out
# End Time: 2026-06-10 18:45:38
# Elapsed Time: 46 seconds
Running results/aims.n=13.out
# End Time: 2026-06-10 18:46:24
# Elapsed Time: 46 seconds
Running results/aims.n=14.out
# End Time: 2026-06-10 18:47:10
# Elapsed Time: 46 seconds
Running results/aims.n=15.out
# End Time: 2026-06-10 18:48:04
# Elapsed Time: 54 seconds
Running results/aims.n=16.out
# End Time: 2026-06-10 18:48:51
# Elapsed Time: 47 seconds
Running results/aims.n=17.out
# End Time: 2026-06-10 18:49:38
# Elapsed Time: 47 seconds
Running results/aims.n=18.out
# End Time: 2026-06-10 18:50:25
# Elapsed Time: 47 seconds
Running results/aims.n=19.out
# End Time: 2026-06-10 18:51:11
# Elapsed Time: 45 seconds
Running results/aims.n=20.out
# End Time: 2026-06-10 18:51:57
# Elapsed Time: 46 seconds
Running results/aims.n=21.out
# End Time: 2026-06-10 18:52:43
# Elapsed Time: 46 seconds
Running results/aims.n=22.out
# End Time: 2026-06-10 18:53:29
# Elapsed Time: 46 seconds
Running results/aims.n=23.out
# End Time: 2026-06-10 18:54:15
# Elapsed Time: 46 seconds
Running results/aims.n=24.out
# End Time: 2026-06-10 18:55:01
# Elapsed Time: 46 seconds
Running results/aims.n=25.out
# End Time: 2026-06-10 18:55:47
# Elapsed Time: 46 seconds
Running results/aims.n=26.out
# End Time: 2026-06-10 18:56:32
# Elapsed Time: 45 seconds
Running results/aims.n=27.out
# End Time: 2026-06-10 18:57:20
# Elapsed Time: 48 seconds
Running results/aims.n=28.out
# End Time: 2026-06-10 18:58:05
# Elapsed Time: 45 seconds
Running results/aims.n=29.out
# End Time: 2026-06-10 18:58:51
# Elapsed Time: 46 seconds
Running results/aims.n=30.out
# End Time: 2026-06-10 18:59:36
# Elapsed Time: 45 seconds
