# Job ID: 9806075
# Date and Time: 2026-06-12 18:41:29
Running results/aims.n=0.out
# End Time: 2026-06-12 18:41:49
# Elapsed Time: 20 seconds
Running results/aims.n=1.out
# End Time: 2026-06-12 18:42:08
# Elapsed Time: 19 seconds
Running results/aims.n=2.out
# End Time: 2026-06-12 18:42:27
# Elapsed Time: 19 seconds
Running results/aims.n=3.out
# End Time: 2026-06-12 18:42:46
# Elapsed Time: 19 seconds
Running results/aims.n=4.out
# End Time: 2026-06-12 18:43:05
# Elapsed Time: 19 seconds
Running results/aims.n=5.out
# End Time: 2026-06-12 18:43:23
# Elapsed Time: 18 seconds
Running results/aims.n=6.out
# End Time: 2026-06-12 18:43:42
# Elapsed Time: 19 seconds
Running results/aims.n=7.out
# End Time: 2026-06-12 18:44:02
# Elapsed Time: 20 seconds
Running results/aims.n=8.out
# End Time: 2026-06-12 18:44:22
# Elapsed Time: 20 seconds
Running results/aims.n=9.out
# End Time: 2026-06-12 18:44:41
# Elapsed Time: 19 seconds
Running results/aims.n=10.out
# End Time: 2026-06-12 18:45:02
# Elapsed Time: 21 seconds
Running results/aims.n=11.out
# End Time: 2026-06-12 18:45:22
# Elapsed Time: 20 seconds
Running results/aims.n=12.out
# End Time: 2026-06-12 18:45:43
# Elapsed Time: 21 seconds
